 
=== Mon 04/27/2026 20:34:45.92 === 
2026-04-27 20:34:46,375 [INFO] integrity_check: ok
2026-04-27 20:34:46,375 [INFO] foreign_key_check: ok
2026-04-27 20:34:46,388 [INFO] PDF existence: all 31 local PDFs found
2026-04-27 20:34:46,388 [INFO] deep_synthesis \u2194 topic_papers consistency: ok
2026-04-27 20:34:46,388 [INFO] validate_db: all checks passed
2026-04-27 20:34:46,736 [INFO] Backup written: C:\Users\zhong\OneDrive\Papers, Presentation, Reports and Slides\poneglyph_backups\poneglyph-20260427-2034.db.gz (448.2 KB)
2026-04-27 20:34:46,761 [INFO] GitHub off-site push skipped: BACKUP_GITHUB_TOKEN/BACKUP_GITHUB_REPO not set
 
=== Tue 04/28/2026  3:00:01.46 === 
2026-04-28 03:00:02,256 [INFO] integrity_check: ok
2026-04-28 03:00:02,257 [INFO] foreign_key_check: ok
2026-04-28 03:00:02,270 [INFO] PDF existence: all 31 local PDFs found
2026-04-28 03:00:02,271 [INFO] deep_synthesis \u2194 topic_papers consistency: ok
2026-04-28 03:00:02,271 [INFO] validate_db: all checks passed
2026-04-28 03:00:03,201 [INFO] Backup written: C:\Users\zhong\OneDrive\Papers, Presentation, Reports and Slides\poneglyph_backups\poneglyph-20260428-0300.db.gz (448.2 KB)
2026-04-28 03:00:13,402 [INFO] GitHub push ok: poneglyph-20260428-0300.db.gz
 
=== Wed 04/29/2026  3:00:01.61 === 
2026-04-29 03:00:09,007 [INFO] integrity_check: ok
2026-04-29 03:00:09,008 [INFO] foreign_key_check: ok
2026-04-29 03:00:09,023 [INFO] PDF existence: all 32 local PDFs found
2026-04-29 03:00:09,023 [INFO] deep_synthesis \u2194 topic_papers consistency: ok
2026-04-29 03:00:09,024 [INFO] validate_db: all checks passed
2026-04-29 03:00:11,613 [INFO] Backup written: C:\Users\zhong\OneDrive\Papers, Presentation, Reports and Slides\poneglyph_backups\poneglyph-20260429-0300.db.gz (471.5 KB)
2026-04-29 03:00:16,755 [INFO] GitHub push ok: poneglyph-20260429-0300.db.gz
 
=== Thu 04/30/2026  3:00:01.55 === 
2026-04-30 03:00:02,861 [INFO] integrity_check: ok
2026-04-30 03:00:02,861 [INFO] foreign_key_check: ok
2026-04-30 03:00:02,871 [INFO] PDF existence: all 32 local PDFs found
2026-04-30 03:00:02,872 [INFO] deep_synthesis \u2194 topic_papers consistency: ok
2026-04-30 03:00:02,872 [INFO] validate_db: all checks passed
2026-04-30 03:00:03,445 [INFO] Backup written: C:\Users\zhong\OneDrive\Papers, Presentation, Reports and Slides\poneglyph_backups\poneglyph-20260430-0300.db.gz (471.5 KB)
2026-04-30 03:00:08,198 [INFO] GitHub push ok: poneglyph-20260430-0300.db.gz
 
=== Fri 05/01/2026  3:00:01.79 === 
2026-05-01 03:00:02,632 [INFO] integrity_check: ok
2026-05-01 03:00:02,632 [INFO] foreign_key_check: ok
2026-05-01 03:00:02,641 [INFO] PDF existence: all 32 local PDFs found
2026-05-01 03:00:02,641 [INFO] deep_synthesis \u2194 topic_papers consistency: ok
2026-05-01 03:00:02,642 [INFO] validate_db: all checks passed
2026-05-01 03:00:03,137 [INFO] Backup written: C:\Users\zhong\OneDrive\Papers, Presentation, Reports and Slides\poneglyph_backups\poneglyph-20260501-0300.db.gz (471.5 KB)
2026-05-01 03:00:07,448 [INFO] GitHub push ok: poneglyph-20260501-0300.db.gz
 
=== Sat 05/02/2026  3:00:01.44 === 
2026-05-02 03:00:02,486 [INFO] integrity_check: ok
2026-05-02 03:00:02,486 [INFO] foreign_key_check: ok
2026-05-02 03:00:02,495 [INFO] PDF existence: all 32 local PDFs found
2026-05-02 03:00:02,495 [INFO] deep_synthesis \u2194 topic_papers consistency: ok
2026-05-02 03:00:02,495 [INFO] validate_db: all checks passed
2026-05-02 03:00:02,819 [INFO] Backup written: C:\Users\zhong\OneDrive\Papers, Presentation, Reports and Slides\poneglyph_backups\poneglyph-20260502-0300.db.gz (471.5 KB)
2026-05-02 03:00:07,315 [INFO] GitHub push ok: poneglyph-20260502-0300.db.gz
 
=== Sun 05/03/2026  3:00:01.62 === 
2026-05-03 03:00:03,506 [INFO] integrity_check: ok
2026-05-03 03:00:03,507 [INFO] foreign_key_check: ok
2026-05-03 03:00:03,522 [INFO] PDF existence: all 32 local PDFs found
2026-05-03 03:00:03,522 [INFO] deep_synthesis \u2194 topic_papers consistency: ok
2026-05-03 03:00:03,523 [INFO] validate_db: all checks passed
2026-05-03 03:00:03,929 [INFO] Backup written: C:\Users\zhong\OneDrive\Papers, Presentation, Reports and Slides\poneglyph_backups\poneglyph-20260503-0300.db.gz (473.9 KB)
2026-05-03 03:00:07,792 [INFO] GitHub push ok: poneglyph-20260503-0300.db.gz
 
=== Mon 05/04/2026  3:00:01.66 === 
2026-05-04 03:00:02,996 [INFO] integrity_check: ok
2026-05-04 03:00:02,996 [INFO] foreign_key_check: ok
2026-05-04 03:00:03,007 [INFO] PDF existence: all 34 local PDFs found
2026-05-04 03:00:03,007 [INFO] deep_synthesis \u2194 topic_papers consistency: ok
2026-05-04 03:00:03,007 [INFO] validate_db: all checks passed
2026-05-04 03:00:03,351 [INFO] Backup written: C:\Users\zhong\OneDrive\Papers, Presentation, Reports and Slides\poneglyph_backups\poneglyph-20260504-0300.db.gz (489.0 KB)
2026-05-04 03:00:07,362 [INFO] GitHub push ok: poneglyph-20260504-0300.db.gz
 
=== Tue 05/05/2026  3:00:01.66 === 
2026-05-05 03:00:03,155 [INFO] integrity_check: ok
2026-05-05 03:00:03,156 [INFO] foreign_key_check: ok
2026-05-05 03:00:03,170 [INFO] PDF existence: all 34 local PDFs found
2026-05-05 03:00:03,170 [INFO] deep_synthesis \u2194 topic_papers consistency: ok
2026-05-05 03:00:03,171 [INFO] validate_db: all checks passed
2026-05-05 03:00:03,512 [INFO] Backup written: C:\Users\zhong\OneDrive\Papers, Presentation, Reports and Slides\poneglyph_backups\poneglyph-20260505-0300.db.gz (492.8 KB)
2026-05-05 03:00:07,611 [INFO] GitHub push ok: poneglyph-20260505-0300.db.gz
 
=== Wed 05/06/2026  0:30:33.03 === 
2026-05-06 00:30:42,390 [INFO] integrity_check: ok
2026-05-06 00:30:42,391 [INFO] foreign_key_check: ok
2026-05-06 00:30:42,438 [INFO] PDF existence: all 34 local PDFs found
2026-05-06 00:30:42,439 [INFO] deep_synthesis \u2194 topic_papers consistency: ok
2026-05-06 00:30:42,439 [INFO] validate_db: all checks passed
2026-05-06 00:30:42,954 [INFO] Backup written: C:\Users\zhong\OneDrive\Papers, Presentation, Reports and Slides\poneglyph_backups\poneglyph-20260506-0030.db.gz (492.9 KB)
2026-05-06 00:30:46,808 [INFO] GitHub push ok: poneglyph-20260506-0030.db.gz
 
=== Wed 05/06/2026  3:00:02.22 === 
2026-05-06 03:00:02,753 [INFO] integrity_check: ok
2026-05-06 03:00:02,754 [INFO] foreign_key_check: ok
2026-05-06 03:00:02,755 [INFO] PDF existence: all 34 local PDFs found
2026-05-06 03:00:02,755 [INFO] deep_synthesis \u2194 topic_papers consistency: ok
2026-05-06 03:00:02,755 [INFO] validate_db: all checks passed
2026-05-06 03:00:03,075 [INFO] Backup written: C:\Users\zhong\OneDrive\Papers, Presentation, Reports and Slides\poneglyph_backups\poneglyph-20260506-0300.db.gz (492.9 KB)
2026-05-06 03:00:06,514 [INFO] GitHub push ok: poneglyph-20260506-0300.db.gz
 
=== Thu 05/07/2026  3:00:02.22 === 
2026-05-07 03:00:03,391 [INFO] integrity_check: ok
2026-05-07 03:00:03,391 [INFO] foreign_key_check: ok
2026-05-07 03:00:03,399 [INFO] PDF existence: all 34 local PDFs found
2026-05-07 03:00:03,399 [INFO] deep_synthesis \u2194 topic_papers consistency: ok
2026-05-07 03:00:03,400 [INFO] validate_db: all checks passed
2026-05-07 03:00:03,721 [INFO] Backup written: C:\Users\zhong\OneDrive\Papers, Presentation, Reports and Slides\poneglyph_backups\poneglyph-20260507-0300.db.gz (492.9 KB)
2026-05-07 03:00:09,170 [INFO] GitHub push ok: poneglyph-20260507-0300.db.gz
 
=== Thu 05/07/2026 21:17:54.67 === 
2026-05-07 21:18:03,828 [INFO] integrity_check: ok
2026-05-07 21:18:03,828 [INFO] foreign_key_check: ok
2026-05-07 21:18:03,923 [INFO] PDF existence: all 34 local PDFs found
2026-05-07 21:18:03,937 [INFO] deep_synthesis \u2194 topic_papers consistency: ok
2026-05-07 21:18:03,937 [INFO] validate_db: all checks passed
2026-05-07 21:18:04,766 [INFO] Backup written: C:\Users\zhong\OneDrive\Papers, Presentation, Reports and Slides\poneglyph_backups\poneglyph-20260507-2118.db.gz (492.9 KB)
2026-05-07 21:18:09,726 [INFO] GitHub push ok: poneglyph-20260507-2118.db.gz
 
=== Fri 05/08/2026  3:00:01.45 === 
2026-05-08 03:00:02,206 [INFO] integrity_check: ok
2026-05-08 03:00:02,206 [INFO] foreign_key_check: ok
2026-05-08 03:00:02,218 [INFO] PDF existence: all 34 local PDFs found
2026-05-08 03:00:02,218 [INFO] deep_synthesis \u2194 topic_papers consistency: ok
2026-05-08 03:00:02,218 [INFO] validate_db: all checks passed
2026-05-08 03:00:02,529 [INFO] Backup written: C:\Users\zhong\OneDrive\Papers, Presentation, Reports and Slides\poneglyph_backups\poneglyph-20260508-0300.db.gz (492.9 KB)
2026-05-08 03:00:05,674 [INFO] GitHub push ok: poneglyph-20260508-0300.db.gz
 
=== Fri 05/08/2026 21:29:52.87 === 
2026-05-08 21:29:56,967 [INFO] integrity_check: ok
2026-05-08 21:29:56,968 [INFO] foreign_key_check: ok
2026-05-08 21:29:56,975 [INFO] PDF existence: all 34 local PDFs found
2026-05-08 21:29:56,976 [INFO] deep_synthesis \u2194 topic_papers consistency: ok
2026-05-08 21:29:56,976 [INFO] validate_db: all checks passed
2026-05-08 21:29:57,471 [INFO] Backup written: C:\Users\zhong\OneDrive\Papers, Presentation, Reports and Slides\poneglyph_backups\poneglyph-20260508-2129.db.gz (492.9 KB)
2026-05-08 21:29:57,476 [INFO] Pruned old backup: poneglyph-20260427-2034.db.gz
2026-05-08 21:30:00,747 [INFO] GitHub push ok: poneglyph-20260508-2129.db.gz
 
=== Sat 05/09/2026  3:00:01.36 === 
2026-05-09 03:00:02,264 [INFO] integrity_check: ok
2026-05-09 03:00:02,264 [INFO] foreign_key_check: ok
2026-05-09 03:00:02,272 [INFO] PDF existence: all 34 local PDFs found
2026-05-09 03:00:02,272 [INFO] deep_synthesis \u2194 topic_papers consistency: ok
2026-05-09 03:00:02,273 [INFO] validate_db: all checks passed
2026-05-09 03:00:02,677 [INFO] Backup written: C:\Users\zhong\OneDrive\Papers, Presentation, Reports and Slides\poneglyph_backups\poneglyph-20260509-0300.db.gz (492.9 KB)
2026-05-09 03:00:02,698 [INFO] Pruned old backup: poneglyph-20260427-2106.db.gz
2026-05-09 03:00:06,279 [INFO] GitHub push ok: poneglyph-20260509-0300.db.gz
 
=== Sat 05/09/2026  9:17:47.87 === 
2026-05-09 09:17:52,970 [INFO] integrity_check: ok
2026-05-09 09:17:52,970 [INFO] foreign_key_check: ok
2026-05-09 09:17:52,985 [INFO] PDF existence: all 34 local PDFs found
2026-05-09 09:17:52,985 [INFO] deep_synthesis \u2194 topic_papers consistency: ok
2026-05-09 09:17:52,986 [INFO] validate_db: all checks passed
2026-05-09 09:17:53,234 [INFO] Recent backup exists — skipping (--skip-if-recent)
 
=== Sun 05/10/2026  3:00:01.43 === 
2026-05-10 03:00:02,203 [INFO] integrity_check: ok
2026-05-10 03:00:02,203 [INFO] foreign_key_check: ok
2026-05-10 03:00:02,214 [INFO] PDF existence: all 34 local PDFs found
2026-05-10 03:00:02,215 [INFO] deep_synthesis \u2194 topic_papers consistency: ok
2026-05-10 03:00:02,215 [INFO] validate_db: all checks passed
2026-05-10 03:00:02,546 [INFO] Backup written: C:\Users\zhong\OneDrive\Papers, Presentation, Reports and Slides\poneglyph_backups\poneglyph-20260510-0300.db.gz (494.3 KB)
2026-05-10 03:00:06,626 [INFO] GitHub push ok: poneglyph-20260510-0300.db.gz
 
=== Mon 05/11/2026  3:00:02.49 === 
2026-05-11 03:00:03,893 [INFO] integrity_check: ok
2026-05-11 03:00:03,893 [INFO] foreign_key_check: ok
2026-05-11 03:00:03,903 [INFO] PDF existence: all 34 local PDFs found
2026-05-11 03:00:03,903 [INFO] deep_synthesis \u2194 topic_papers consistency: ok
2026-05-11 03:00:03,903 [INFO] validate_db: all checks passed
2026-05-11 03:00:04,220 [INFO] Backup written: C:\Users\zhong\OneDrive\Papers, Presentation, Reports and Slides\poneglyph_backups\poneglyph-20260511-0300.db.gz (494.3 KB)
2026-05-11 03:00:04,299 [INFO] Pruned old backup: poneglyph-20260427-2107.db.gz
2026-05-11 03:00:13,183 [INFO] GitHub push ok: poneglyph-20260511-0300.db.gz
 
=== Tue 05/12/2026  3:00:02.34 === 
2026-05-12 03:00:03,107 [INFO] integrity_check: ok
2026-05-12 03:00:03,107 [INFO] foreign_key_check: ok
2026-05-12 03:00:03,118 [INFO] PDF existence: all 35 local PDFs found
2026-05-12 03:00:03,118 [INFO] deep_synthesis \u2194 topic_papers consistency: ok
2026-05-12 03:00:03,118 [INFO] validate_db: all checks passed
2026-05-12 03:00:03,451 [INFO] Backup written: C:\Users\zhong\OneDrive\Papers, Presentation, Reports and Slides\poneglyph_backups\poneglyph-20260512-0300.db.gz (499.0 KB)
2026-05-12 03:00:03,489 [INFO] Pruned old backup: poneglyph-20260428-0300.db.gz
2026-05-12 03:00:11,410 [INFO] GitHub push ok: poneglyph-20260512-0300.db.gz
 
=== Wed 05/13/2026 16:49:52.19 === 
^C 
=== Thu 05/14/2026  6:20:32.80 === 
2026-05-14 06:20:37,991 [INFO] integrity_check: ok
2026-05-14 06:20:37,997 [INFO] foreign_key_check: ok
2026-05-14 06:20:38,011 [INFO] PDF existence: all 35 local PDFs found
2026-05-14 06:20:38,011 [INFO] deep_synthesis \u2194 topic_papers consistency: ok
2026-05-14 06:20:38,011 [INFO] validate_db: all checks passed
2026-05-14 06:20:38,552 [INFO] Backup written: C:\Users\zhong\OneDrive\Papers, Presentation, Reports and Slides\poneglyph_backups\poneglyph-20260514-0620.db.gz (567.2 KB)
2026-05-14 06:20:38,571 [INFO] Pruned old backup: poneglyph-20260429-0300.db.gz
2026-05-14 06:20:42,312 [INFO] GitHub push ok: poneglyph-20260514-0620.db.gz
 
=== Fri 05/15/2026  3:00:02.22 === 
2026-05-15 03:00:06,586 [INFO] integrity_check: ok
2026-05-15 03:00:06,587 [INFO] foreign_key_check: ok
2026-05-15 03:00:06,619 [INFO] PDF existence: all 35 local PDFs found
2026-05-15 03:00:06,619 [INFO] deep_synthesis \u2194 topic_papers consistency: ok
2026-05-15 03:00:06,620 [INFO] validate_db: all checks passed
2026-05-15 03:00:07,344 [INFO] Backup written: C:\Users\zhong\OneDrive\Papers, Presentation, Reports and Slides\poneglyph_backups\poneglyph-20260515-0300.db.gz (566.7 KB)
2026-05-15 03:00:07,444 [INFO] Pruned old backup: poneglyph-20260430-0300.db.gz
2026-05-15 03:00:14,720 [INFO] GitHub push ok: poneglyph-20260515-0300.db.gz
 
=== Fri 05/15/2026  6:21:17.50 === 
2026-05-15 06:21:24,178 [INFO] integrity_check: ok
2026-05-15 06:21:24,178 [INFO] foreign_key_check: ok
2026-05-15 06:21:24,260 [INFO] PDF existence: all 35 local PDFs found
2026-05-15 06:21:24,263 [INFO] deep_synthesis \u2194 topic_papers consistency: ok
2026-05-15 06:21:24,264 [INFO] validate_db: all checks passed
2026-05-15 06:21:24,929 [INFO] Recent backup exists — skipping (--skip-if-recent)
 
=== Sat 05/16/2026  3:00:01.16 === 
2026-05-16 03:00:03,183 [INFO] integrity_check: ok
2026-05-16 03:00:03,184 [INFO] foreign_key_check: ok
2026-05-16 03:00:03,215 [INFO] PDF existence: all 54 local PDFs found
2026-05-16 03:00:03,215 [INFO] deep_synthesis \u2194 topic_papers consistency: ok
2026-05-16 03:00:03,215 [INFO] validate_db: all checks passed
2026-05-16 03:00:03,520 [INFO] Backup written: C:\Users\zhong\OneDrive\Papers, Presentation, Reports and Slides\poneglyph_backups\poneglyph-20260516-0300.db.gz (604.2 KB)
2026-05-16 03:00:03,614 [INFO] Pruned old backup: poneglyph-20260502-0300.db.gz
2026-05-16 03:00:11,241 [INFO] GitHub push ok: poneglyph-20260516-0300.db.gz
 
=== Sun 05/17/2026  3:00:01.33 === 
2026-05-17 03:00:01,995 [INFO] integrity_check: ok
2026-05-17 03:00:01,996 [INFO] foreign_key_check: ok
2026-05-17 03:00:02,014 [INFO] PDF existence: all 108 local PDFs found
2026-05-17 03:00:02,015 [INFO] deep_synthesis \u2194 topic_papers consistency: ok
2026-05-17 03:00:02,015 [INFO] validate_db: all checks passed
2026-05-17 03:00:02,359 [INFO] Backup written: C:\Users\zhong\OneDrive\Papers, Presentation, Reports and Slides\poneglyph_backups\poneglyph-20260517-0300.db.gz (836.7 KB)
2026-05-17 03:00:06,755 [INFO] GitHub push ok: poneglyph-20260517-0300.db.gz
 
=== Mon 05/18/2026  3:00:01.55 === 
2026-05-18 03:00:02,354 [INFO] integrity_check: ok
2026-05-18 03:00:02,354 [INFO] foreign_key_check: ok
2026-05-18 03:00:02,381 [INFO] PDF existence: all 123 local PDFs found
2026-05-18 03:00:02,390 [INFO] deep_synthesis \u2194 topic_papers consistency: ok
2026-05-18 03:00:02,390 [INFO] validate_db: all checks passed
2026-05-18 03:00:02,909 [INFO] Backup written: C:\Users\zhong\OneDrive\Papers, Presentation, Reports and Slides\poneglyph_backups\poneglyph-20260518-0300.db.gz (874.3 KB)
2026-05-18 03:00:02,938 [INFO] Pruned old backup: poneglyph-20260504-0300.db.gz
2026-05-18 03:00:10,682 [INFO] GitHub push ok: poneglyph-20260518-0300.db.gz
 
=== Mon 05/18/2026 21:08:16.32 === 
2026-05-18 21:08:24,240 [INFO] integrity_check: ok
2026-05-18 21:08:24,241 [INFO] foreign_key_check: ok
2026-05-18 21:08:24,304 [INFO] PDF existence: all 123 local PDFs found
2026-05-18 21:08:24,304 [INFO] deep_synthesis \u2194 topic_papers consistency: ok
2026-05-18 21:08:24,305 [INFO] validate_db: all checks passed
2026-05-18 21:08:24,747 [INFO] Backup written: C:\Users\zhong\OneDrive\Papers, Presentation, Reports and Slides\poneglyph_backups\poneglyph-20260518-2108.db.gz (874.3 KB)
2026-05-18 21:08:24,770 [INFO] Pruned old backup: poneglyph-20260505-0300.db.gz
2026-05-18 21:08:30,502 [INFO] GitHub push ok: poneglyph-20260518-2108.db.gz
 
=== Mon 05/18/2026 21:28:26.82 === 
2026-05-18 21:28:32,532 [INFO] integrity_check: ok
2026-05-18 21:28:32,536 [INFO] foreign_key_check: ok
2026-05-18 21:28:32,794 [INFO] PDF existence: all 123 local PDFs found
2026-05-18 21:28:32,795 [INFO] deep_synthesis \u2194 topic_papers consistency: ok
2026-05-18 21:28:32,795 [INFO] validate_db: all checks passed
2026-05-18 21:28:33,638 [INFO] Recent backup exists — skipping (--skip-if-recent)
 
=== Tue 05/19/2026  3:00:02.03 === 
2026-05-19 03:00:02,832 [INFO] integrity_check: ok
2026-05-19 03:00:02,832 [INFO] foreign_key_check: ok
2026-05-19 03:00:02,857 [INFO] PDF existence: all 125 local PDFs found
2026-05-19 03:00:02,858 [INFO] deep_synthesis \u2194 topic_papers consistency: ok
2026-05-19 03:00:02,858 [INFO] validate_db: all checks passed
2026-05-19 03:00:03,340 [INFO] Backup written: C:\Users\zhong\OneDrive\Papers, Presentation, Reports and Slides\poneglyph_backups\poneglyph-20260519-0300.db.gz (880.7 KB)
2026-05-19 03:00:03,347 [INFO] Pruned old backup: poneglyph-20260506-0030.db.gz
2026-05-19 03:00:08,743 [INFO] GitHub push ok: poneglyph-20260519-0300.db.gz
 
=== Tue 05/19/2026  9:25:26.83 === 
2026-05-19 09:25:31,802 [INFO] integrity_check: ok
2026-05-19 09:25:31,803 [INFO] foreign_key_check: ok
2026-05-19 09:25:32,491 [INFO] PDF existence: all 125 local PDFs found
2026-05-19 09:25:32,491 [INFO] deep_synthesis \u2194 topic_papers consistency: ok
2026-05-19 09:25:32,492 [INFO] validate_db: all checks passed
2026-05-19 09:25:33,220 [INFO] Recent backup exists — skipping (--skip-if-recent)
 
=== Wed 05/20/2026  3:00:02.15 === 
2026-05-20 03:00:02,884 [INFO] integrity_check: ok
2026-05-20 03:00:02,884 [INFO] foreign_key_check: ok
2026-05-20 03:00:02,926 [INFO] PDF existence: all 133 local PDFs found
2026-05-20 03:00:02,926 [INFO] deep_synthesis \u2194 topic_papers consistency: ok
2026-05-20 03:00:02,927 [INFO] validate_db: all checks passed
2026-05-20 03:00:03,461 [INFO] Backup written: C:\Users\zhong\OneDrive\Papers, Presentation, Reports and Slides\poneglyph_backups\poneglyph-20260520-0300.db.gz (921.3 KB)
2026-05-20 03:00:03,467 [INFO] Pruned old backup: poneglyph-20260506-0300.db.gz
2026-05-20 03:00:12,033 [INFO] GitHub push ok: poneglyph-20260520-0300.db.gz
 
=== Wed 05/20/2026 22:12:39.77 === 
2026-05-20 22:12:44,134 [INFO] integrity_check: ok
2026-05-20 22:12:44,148 [INFO] foreign_key_check: ok
2026-05-20 22:12:44,577 [INFO] PDF existence: all 136 local PDFs found
2026-05-20 22:12:44,578 [INFO] deep_synthesis \u2194 topic_papers consistency: ok
2026-05-20 22:12:44,595 [INFO] validate_db: all checks passed
2026-05-20 22:12:46,595 [INFO] Backup written: C:\Users\zhong\OneDrive\Papers, Presentation, Reports and Slides\poneglyph_backups\poneglyph-20260520-2212.db.gz (924.1 KB)
2026-05-20 22:12:46,601 [INFO] Pruned old backup: poneglyph-20260507-0300.db.gz
2026-05-20 22:12:52,143 [INFO] GitHub push ok: poneglyph-20260520-2212.db.gz
 
=== Thu 05/21/2026  3:00:01.82 === 
2026-05-21 03:00:02,576 [INFO] integrity_check: ok
2026-05-21 03:00:02,576 [INFO] foreign_key_check: ok
2026-05-21 03:00:02,635 [INFO] PDF existence: all 137 local PDFs found
2026-05-21 03:00:02,636 [INFO] deep_synthesis \u2194 topic_papers consistency: ok
2026-05-21 03:00:02,636 [INFO] validate_db: all checks passed
2026-05-21 03:00:03,227 [INFO] Backup written: C:\Users\zhong\OneDrive\Papers, Presentation, Reports and Slides\poneglyph_backups\poneglyph-20260521-0300.db.gz (925.7 KB)
2026-05-21 03:00:03,270 [INFO] Pruned old backup: poneglyph-20260507-2118.db.gz
2026-05-21 03:00:11,485 [INFO] GitHub push ok: poneglyph-20260521-0300.db.gz
